---
source: boltffi_bindgen/src/render/typescript/templates.rs
expression: output
---
import { WireReader, WireWriter, BoltFFIModule, instantiateBoltFFI, wireStringSize } from "@boltffi/runtime";
import type { Duration, WireCodec, BoltFFIImports } from "@boltffi/runtime";

const EXPECTED_ABI_VERSION = 1;

let _module: BoltFFIModule;
const _callbackImports: Record<string, WebAssembly.ImportValue> = {};

export default async function init(source: BufferSource | Response): Promise<void> {
  _module = await instantiateBoltFFI(source, EXPECTED_ABI_VERSION, { env: _callbackImports });
}
